Microchip MPLAB XC8 Compiler V1.36 ()

Linker command line:

-W-3 --edf=C:\Program Files (x86)\Microchip\xc8\v1.36\dat\en_msgs.txt -cs \
  -h+dist/default/production\Access_Control.X.production.sym \
  --cmf=dist/default/production\Access_Control.X.production.cmf -z \
  -Q16F876A -oC:\Users\ACER\AppData\Local\Temp\s90.2 \
  -Mdist/default/production/Access_Control.X.production.map -E1 -ver=XC8 \
  -ASTACK=0110h-016fh -pstack=STACK -ACODE=00h-07FFhx4 -ASTRCODE=00h-01FFFh \
  -ASTRING=00h-0FFhx32 -ACONST=00h-0FFhx32 -AENTRY=00h-0FFhx32 \
  -ACOMMON=070h-07Fh -ABANK0=020h-06Fh -ABANK1=0A0h-0EFh \
  -ABANK2=0110h-016Fh -ABANK3=0190h-01EFh \
  -ARAM=020h-06Fh,0A0h-0EFh,0110h-016Fh,0190h-01EFh \
  -AABS1=020h-07Fh,0A0h-0EFh,0110h-016Fh,0190h-01EFh -ASFR0=00h-01Fh \
  -ASFR1=080h-09Fh -ASFR2=0100h-010Fh -ASFR3=0180h-018Fh \
  -preset_vec=00h,intentry,init,end_init -ppowerup=CODE -pcinit=CODE \
  -pfunctab=CODE -ACONFIG=02007h-02007h -pconfig=CONFIG -DCONFIG=2 \
  -AIDLOC=02000h-02003h -pidloc=IDLOC -DIDLOC=2 -AEEDATA=00h-0FFh/02100h \
  -peeprom_data=EEDATA -DEEDATA=2 -DCODE=2 -DSTRCODE=2 -DSTRING=2 -DCONST=2 \
  -DENTRY=2 -k C:\Users\ACER\AppData\Local\Temp\s90.obj \
  dist/default/production\Access_Control.X.production.obj 

Object code version is 3.11

Machine type is 16F876A



                Name                               Link     Load   Length Selector   Space Scale
C:\Users\ACER\AppData\Local\Temp\s90.obj
                end_init                              0        0        3        0       0
                config                             2007     2007        1     400E       0
dist/default/production\Access_Control.X.production.obj
                cinit                               7DA      7DA       26      FB4       0
                text9                               6E8      6E8       2F      DD0       0
                text8                               6A0      6A0       23      D40       0
                text7                               717      717       2F      E2E       0
                text6                               646      646       1C      C8C       0
                text5                               67E      67E       22      CFC       0
                text4                               662      662       1C      CC4       0
                text3                               632      632       14      C64       0
                text2                               746      746       31      E8C       0
                text1                               6C3      6C3       25      D86       0
                maintext                            777      777       63      EEE       0
                cstackBANK0                          20       20       1A       20       1
                cstackCOMMON                         70       70        B       70       1
                dataBANK0                            3A       3A        6       20       1
                strings                               3        3       22        6       0
                idataBANK0                          62C      62C        6      C58       0

TOTAL           Name                               Link     Load   Length     Space
        CLASS   STACK          

        CLASS   CODE           
                end_init                              0        0        3         0
                cinit                               7DA      7DA       26         0
                text9                               6E8      6E8       2F         0
                text8                               6A0      6A0       23         0
                text7                               717      717       2F         0
                text6                               646      646       1C         0
                text5                               67E      67E       22         0
                text4                               662      662       1C         0
                text3                               632      632       14         0
                text2                               746      746       31         0
                text1                               6C3      6C3       25         0
                maintext                            777      777       63         0
                idataBANK0                          62C      62C        6         0

        CLASS   STRCODE        

        CLASS   STRING         
                strings                               3        3       22         0

        CLASS   CONST          

        CLASS   ENTRY          

        CLASS   COMMON         
                cstackCOMMON                         70       70        B         1

        CLASS   BANK0          
                cstackBANK0                          20       20       1A         1
                dataBANK0                            3A       3A        6         1

        CLASS   BANK1          

        CLASS   BANK2          

        CLASS   BANK3          

        CLASS   RAM            

        CLASS   ABS1           
                abs_s1                               7E       7E        2         1

        CLASS   SFR0           

        CLASS   SFR1           

        CLASS   SFR2           

        CLASS   SFR3           

        CLASS   CONFIG         
                config                             2007     2007        1         0

        CLASS   IDLOC          

        CLASS   EEDATA         



SEGMENTS        Name                           Load    Length   Top    Selector   Space  Class     Delta

                reset_vec                      000000  000003  000003         0       0  CODE        2
                strings                        000003  000022  000025         6       0  STRING      2
                cstackBANK0                    000020  000020  000040        20       1  BANK0       1
                cstackCOMMON                   000070  00000B  00007B        70       1  COMMON      1
                idataBANK0                     00062C  000006  000632       C58       0  CODE        2
                text3                          000632  000014  000646       C64       0  CODE        2
                text6                          000646  00001C  000662       C8C       0  CODE        2
                text4                          000662  00001C  00067E       CC4       0  CODE        2
                text5                          00067E  000022  0006A0       CFC       0  CODE        2
                text8                          0006A0  000023  0006C3       D40       0  CODE        2
                text1                          0006C3  000025  0006E8       D86       0  CODE        2
                text9                          0006E8  00002F  000717       DD0       0  CODE        2
                text7                          000717  00002F  000746       E2E       0  CODE        2
                text2                          000746  000031  000777       E8C       0  CODE        2
                maintext                       000777  000063  0007DA       EEE       0  CODE        2
                cinit                          0007DA  000026  000800       FB4       0  CODE        2
                config                         002007  000001  002008      400E       0  CONFIG      2


UNUSED ADDRESS RANGES

        Name                Unused          Largest block    Delta
        BANK0            0040-006F             30           1
        BANK1            00A0-00EF             50           1
        BANK2            0110-016F             60           1
        BANK3            0190-01EF             60           1
        CODE             0025-062B            607           2
                         0800-1FFF            800
        COMMON           007B-007D              3           1
        CONST            0025-062B            100           2
                         0800-1FFF            100
        EEDATA           2100-21FF            100           2
        ENTRY            0025-062B            100           2
                         0800-1FFF            100
        IDLOC            2000-2003              4           2
        RAM              0040-006F             30           1
                         00A0-00EF             50
                         0110-016F             60
                         0190-01EF             60
        SFR0             0000-001F             20           1
        SFR1             0080-009F             20           1
        SFR2             0100-010F             10           1
        SFR3             0180-018F             10           1
        STACK            0110-016F             60           1
        STRCODE          0025-062B            607           2
                         0800-1FFF           1800
        STRING           0025-062B            100           2
                         0800-1FFF            100

                                  Symbol Table

?_strcmp                 cstackCOMMON 0070
LCD_Print@str            cstackCOMMON 0074
_LCD_Init                text8        06A0
_LCD_Print               text6        0646
_PORTB                   (abs)        0006
_PORTC                   (abs)        0007
_RB0                     (abs)        0030
_RB1                     (abs)        0031
_RB2                     (abs)        0032
_RC0                     (abs)        0038
_RC1                     (abs)        0039
_RC2                     (abs)        003A
_RCIF                    (abs)        0065
_RCREG                   (abs)        001A
_RCSTA                   (abs)        0018
_SPBRG                   (abs)        0099
_TRISB                   (abs)        0086
_TRISC                   (abs)        0087
_TXSTA                   (abs)        0098
__CFG_BOREN$OFF          (abs)        0000
__CFG_CP$OFF             (abs)        0000
__CFG_CPD$OFF            (abs)        0000
__CFG_FOSC$XT            (abs)        0000
__CFG_LVP$OFF            (abs)        0000
__CFG_PWRTE$OFF          (abs)        0000
__CFG_WDTE$OFF           (abs)        0000
__CFG_WRT$OFF            (abs)        0000
__Habs1                  abs1         0000
__Hbank0                 bank0        0000
__Hbank1                 bank1        0000
__Hbank2                 bank2        0000
__Hbank3                 bank3        0000
__Hcinit                 cinit        0800
__Hclrtext               clrtext      0000
__Hcode                  code         0000
__Hcommon                common       0000
__Hconfig                config       2008
__HcstackBANK0           cstackBANK0  0000
__HcstackCOMMON          cstackCOMMON 0000
__HdataBANK0             dataBANK0    0000
__Heeprom_data           eeprom_data  0000
__Hend_init              end_init     0003
__Hfunctab               functab      0000
__HidataBANK0            idataBANK0   0000
__Hidloc                 idloc        0000
__Hinit                  init         0000
__Hintentry              intentry     0000
__Hmaintext              maintext     0000
__Hpowerup               powerup      0000
__Hram                   ram          0000
__Hreset_vec             reset_vec    0000
__Hsfr0                  sfr0         0000
__Hsfr1                  sfr1         0000
__Hsfr2                  sfr2         0000
__Hsfr3                  sfr3         0000
__Hspace_0               (abs)        2008
__Hspace_1               (abs)        007B
__Hspace_2               (abs)        0000
__Hspace_3               (abs)        0000
__Hstack                 stack        0000
__Hstrings               strings      0000
__Htext                  text         0000
__Labs1                  abs1         0000
__Lbank0                 bank0        0000
__Lbank1                 bank1        0000
__Lbank2                 bank2        0000
__Lbank3                 bank3        0000
__Lcinit                 cinit        07DA
__Lclrtext               clrtext      0000
__Lcode                  code         0000
__Lcommon                common       0000
__Lconfig                config       2007
__LcstackBANK0           cstackBANK0  0000
__LcstackCOMMON          cstackCOMMON 0000
__LdataBANK0             dataBANK0    0000
__Leeprom_data           eeprom_data  0000
__Lend_init              end_init     0000
__Lfunctab               functab      0000
__LidataBANK0            idataBANK0   0000
__Lidloc                 idloc        0000
__Linit                  init         0000
__Lintentry              intentry     0000
__Lmaintext              maintext     0000
__Lpowerup               powerup      0000
__Lram                   ram          0000
__Lreset_vec             reset_vec    0000
__Lsfr0                  sfr0         0000
__Lsfr1                  sfr1         0000
__Lsfr2                  sfr2         0000
__Lsfr3                  sfr3         0000
__Lspace_0               (abs)        0000
__Lspace_1               (abs)        0000
__Lspace_2               (abs)        0000
__Lspace_3               (abs)        0000
__Lstack                 stack        0000
__Lstrings               strings      0000
__Ltext                  text         0000
__S0                     (abs)        2008
__S1                     (abs)        007B
__S2                     (abs)        0000
__S3                     (abs)        0000
___int_sp                stack        0000
___latbits               (abs)        0002
___sp                    stack        0000
__end_of_LCD_Init        text8        06C3
__end_of_LCD_Print       text6        0662
__end_of__initialization cinit        07FC
__end_of__stringtab      strings      0009
__end_of_accessDenied    text5        06A0
__end_of_accessGranted   text4        067E
__end_of_command         text9        0717
__end_of_data            text7        0746
__end_of_main            maintext     07DA
__end_of_serialInit      text3        0646
__end_of_serialRead      text2        0777
__end_of_strcmp          text1        06E8
__initialization         cinit        07DA
__pcstackBANK0           cstackBANK0  0020
__pcstackCOMMON          cstackCOMMON 0070
__pdataBANK0             dataBANK0    003A
__pidataBANK0            idataBANK0   062C
__pmaintext              maintext     0777
__pstrings               strings      0003
__ptext1                 text1        06C3
__ptext2                 text2        0746
__ptext3                 text3        0632
__ptext4                 text4        0662
__ptext5                 text5        067E
__ptext6                 text6        0646
__ptext7                 text7        0717
__ptext8                 text8        06A0
__ptext9                 text9        06E8
__size_of_LCD_Init       (abs)        0000
__size_of_LCD_Print      (abs)        0000
__size_of_accessDenied   (abs)        0000
__size_of_accessGranted  (abs)        0000
__size_of_command        (abs)        0000
__size_of_data           (abs)        0000
__size_of_main           (abs)        0000
__size_of_serialInit     (abs)        0000
__size_of_serialRead     (abs)        0000
__size_of_strcmp         (abs)        0000
__stringbase             strings      0008
__stringtab              strings      0003
_accessDenied            text5        067E
_accessGranted           text4        0662
_command                 text9        06E8
_data                    text7        0717
_main                    maintext     0777
_serialInit              text3        0632
_serialRead              text2        0746
_strcmp                  text1        06C3
btemp                    (abs)        007E
command@cmd              cstackCOMMON 0072
data@ch                  cstackCOMMON 0072
end_of_initialization    cinit        07FC
intlevel0                functab      0000
intlevel1                functab      0000
intlevel2                functab      0000
intlevel3                functab      0000
intlevel4                functab      0000
intlevel5                functab      0000
ltemp                    (abs)        007E
ltemp0                   (abs)        007E
ltemp1                   (abs)        0082
ltemp2                   (abs)        0086
ltemp3                   (abs)        0080
main@F1092               dataBANK0    003A
main@UID                 cstackBANK0  0034
main@UID_In              cstackBANK0  0020
reset_vec                reset_vec    0000
serialRead@i             cstackCOMMON 0072
serialRead@str           cstackCOMMON 0074
stackhi                  (abs)        0000
stacklo                  (abs)        0000
start                    init         0000
start_initialization     cinit        07DA
strcmp@r                 cstackCOMMON 0074
strcmp@s1                cstackCOMMON 0075
strcmp@s2                cstackCOMMON 0070
ttemp                    (abs)        007E
ttemp0                   (abs)        007E
ttemp1                   (abs)        0081
ttemp2                   (abs)        0084
ttemp3                   (abs)        0087
ttemp4                   (abs)        007F
wtemp                    (abs)        007E
wtemp0                   (abs)        007E
wtemp1                   (abs)        0080
wtemp2                   (abs)        0082
wtemp3                   (abs)        0084
wtemp4                   (abs)        0086
wtemp5                   (abs)        0088
wtemp6                   (abs)        007F


FUNCTION INFORMATION:

 *************** function _main *****************
 Defined at:
		line 41 in file "main.c"
 Parameters:    Size  Location     Type
		None
 Auto vars:     Size  Location     Type
  UID_In         20    0[BANK0 ] unsigned char [20]
  UID             6   20[BANK0 ] unsigned char [6]
 Return value:  Size  Location     Type
                  2   71[None  ] int 
 Registers used:
		wreg, fsr0l, fsr0h, status,2, status,0, pclath, cstack
 Tracked objects:
		On entry : 
		On exit  : 
		Unchanged: 
 Data sizes:     COMMON   BANK0   BANK1   BANK3   BANK2
      Params:         0       0       0       0       0
      Locals:         0      26       0       0       0
      Temps:          3       0       0       0       0
      Totals:         3      26       0       0       0
Total ram usage:       29 bytes
 Hardware stack levels required when called:    3
 This function calls:
		_LCD_Init
		_LCD_Print
		_accessDenied
		_accessGranted
		_command
		_serialInit
		_serialRead
		_strcmp
 This function is called by:
		Startup code after reset
 This function uses a non-reentrant model


 *************** function _strcmp *****************
 Defined at:
		line 33 in file "C:\Program Files (x86)\Microchip\xc8\v1.36\sources\common\strcmp.c"
 Parameters:    Size  Location     Type
  s1              1    wreg     PTR const unsigned char 
		 -> main@UID(6), 
  s2              1    0[COMMON] PTR const unsigned char 
		 -> main@UID_In(20), 
 Auto vars:     Size  Location     Type
  s1              1    5[COMMON] PTR const unsigned char 
		 -> main@UID(6), 
  r               1    4[COMMON] char 
 Return value:  Size  Location     Type
                  2    0[COMMON] int 
 Registers used:
		wreg, fsr0l, fsr0h, status,2, status,0
 Tracked objects:
		On entry : 
		On exit  : 
		Unchanged: 
 Data sizes:     COMMON   BANK0   BANK1   BANK3   BANK2
      Params:         2       0       0       0       0
      Locals:         2       0       0       0       0
      Temps:          2       0       0       0       0
      Totals:         6       0       0       0       0
Total ram usage:        6 bytes
 Hardware stack levels used:    1
 This function calls:
		Nothing
 This function is called by:
		_main
 This function uses a non-reentrant model


 *************** function _serialRead *****************
 Defined at:
		line 9 in file "Serial.h"
 Parameters:    Size  Location     Type
  str             1    wreg     PTR unsigned char 
		 -> main@UID_In(20), 
 Auto vars:     Size  Location     Type
  str             1    4[COMMON] PTR unsigned char 
		 -> main@UID_In(20), 
  i               2    2[COMMON] int 
 Return value:  Size  Location     Type
                  1    wreg      void 
 Registers used:
		wreg, fsr0l, fsr0h, status,2, status,0
 Tracked objects:
		On entry : 
		On exit  : 
		Unchanged: 
 Data sizes:     COMMON   BANK0   BANK1   BANK3   BANK2
      Params:         0       0       0       0       0
      Locals:         3       0       0       0       0
      Temps:          2       0       0       0       0
      Totals:         5       0       0       0       0
Total ram usage:        5 bytes
 Hardware stack levels used:    1
 This function calls:
		Nothing
 This function is called by:
		_main
 This function uses a non-reentrant model


 *************** function _serialInit *****************
 Defined at:
		line 1 in file "Serial.h"
 Parameters:    Size  Location     Type
		None
 Auto vars:     Size  Location     Type
		None
 Return value:  Size  Location     Type
                  1    wreg      void 
 Registers used:
		wreg, status,2
 Tracked objects:
		On entry : 
		On exit  : 
		Unchanged: 
 Data sizes:     COMMON   BANK0   BANK1   BANK3   BANK2
      Params:         0       0       0       0       0
      Locals:         0       0       0       0       0
      Temps:          0       0       0       0       0
      Totals:         0       0       0       0       0
Total ram usage:        0 bytes
 Hardware stack levels used:    1
 This function calls:
		Nothing
 This function is called by:
		_main
 This function uses a non-reentrant model


 *************** function _accessGranted *****************
 Defined at:
		line 20 in file "main.c"
 Parameters:    Size  Location     Type
		None
 Auto vars:     Size  Location     Type
		None
 Return value:  Size  Location     Type
                  1    wreg      void 
 Registers used:
		wreg, fsr0l, fsr0h, status,2, status,0, pclath, cstack
 Tracked objects:
		On entry : 
		On exit  : 
		Unchanged: 
 Data sizes:     COMMON   BANK0   BANK1   BANK3   BANK2
      Params:         0       0       0       0       0
      Locals:         0       0       0       0       0
      Temps:          2       0       0       0       0
      Totals:         2       0       0       0       0
Total ram usage:        2 bytes
 Hardware stack levels used:    1
 Hardware stack levels required when called:    2
 This function calls:
		_LCD_Print
		_command
 This function is called by:
		_main
 This function uses a non-reentrant model


 *************** function _accessDenied *****************
 Defined at:
		line 30 in file "main.c"
 Parameters:    Size  Location     Type
		None
 Auto vars:     Size  Location     Type
		None
 Return value:  Size  Location     Type
                  1    wreg      void 
 Registers used:
		wreg, fsr0l, fsr0h, status,2, status,0, pclath, cstack
 Tracked objects:
		On entry : 
		On exit  : 
		Unchanged: 
 Data sizes:     COMMON   BANK0   BANK1   BANK3   BANK2
      Params:         0       0       0       0       0
      Locals:         0       0       0       0       0
      Temps:          3       0       0       0       0
      Totals:         3       0       0       0       0
Total ram usage:        3 bytes
 Hardware stack levels used:    1
 Hardware stack levels required when called:    2
 This function calls:
		_LCD_Print
		_command
 This function is called by:
		_main
 This function uses a non-reentrant model


 *************** function _LCD_Print *****************
 Defined at:
		line 37 in file "LiquidCrystal.h"
 Parameters:    Size  Location     Type
  str             1    wreg     PTR unsigned char 
		 -> STR_3(10), STR_2(9), STR_1(9), 
 Auto vars:     Size  Location     Type
  str             1    4[COMMON] PTR unsigned char 
		 -> STR_3(10), STR_2(9), STR_1(9), 
 Return value:  Size  Location     Type
                  1    wreg      void 
 Registers used:
		wreg, fsr0l, fsr0h, status,2, status,0, pclath, cstack
 Tracked objects:
		On entry : 
		On exit  : 
		Unchanged: 
 Data sizes:     COMMON   BANK0   BANK1   BANK3   BANK2
      Params:         0       0       0       0       0
      Locals:         1       0       0       0       0
      Temps:          1       0       0       0       0
      Totals:         2       0       0       0       0
Total ram usage:        2 bytes
 Hardware stack levels used:    1
 Hardware stack levels required when called:    1
 This function calls:
		_data
 This function is called by:
		_accessGranted
		_accessDenied
		_main
 This function uses a non-reentrant model


 *************** function _data *****************
 Defined at:
		line 21 in file "LiquidCrystal.h"
 Parameters:    Size  Location     Type
  ch              1    wreg     unsigned char 
 Auto vars:     Size  Location     Type
  ch              1    2[COMMON] unsigned char 
 Return value:  Size  Location     Type
                  1    wreg      void 
 Registers used:
		wreg, status,2, status,0
 Tracked objects:
		On entry : 
		On exit  : 
		Unchanged: 
 Data sizes:     COMMON   BANK0   BANK1   BANK3   BANK2
      Params:         0       0       0       0       0
      Locals:         1       0       0       0       0
      Temps:          2       0       0       0       0
      Totals:         3       0       0       0       0
Total ram usage:        3 bytes
 Hardware stack levels used:    1
 This function calls:
		Nothing
 This function is called by:
		_LCD_Print
 This function uses a non-reentrant model


 *************** function _LCD_Init *****************
 Defined at:
		line 44 in file "LiquidCrystal.h"
 Parameters:    Size  Location     Type
		None
 Auto vars:     Size  Location     Type
		None
 Return value:  Size  Location     Type
                  1    wreg      void 
 Registers used:
		wreg, status,2, status,0, pclath, cstack
 Tracked objects:
		On entry : 
		On exit  : 
		Unchanged: 
 Data sizes:     COMMON   BANK0   BANK1   BANK3   BANK2
      Params:         0       0       0       0       0
      Locals:         0       0       0       0       0
      Temps:          0       0       0       0       0
      Totals:         0       0       0       0       0
Total ram usage:        0 bytes
 Hardware stack levels used:    1
 Hardware stack levels required when called:    1
 This function calls:
		_command
 This function is called by:
		_main
 This function uses a non-reentrant model


 *************** function _command *****************
 Defined at:
		line 5 in file "LiquidCrystal.h"
 Parameters:    Size  Location     Type
  cmd             1    wreg     unsigned char 
 Auto vars:     Size  Location     Type
  cmd             1    2[COMMON] unsigned char 
 Return value:  Size  Location     Type
                  1    wreg      void 
 Registers used:
		wreg, status,2, status,0
 Tracked objects:
		On entry : 
		On exit  : 
		Unchanged: 
 Data sizes:     COMMON   BANK0   BANK1   BANK3   BANK2
      Params:         0       0       0       0       0
      Locals:         1       0       0       0       0
      Temps:          2       0       0       0       0
      Totals:         3       0       0       0       0
Total ram usage:        3 bytes
 Hardware stack levels used:    1
 This function calls:
		Nothing
 This function is called by:
		_LCD_Init
		_accessGranted
		_accessDenied
		_main
 This function uses a non-reentrant model



MODULE INFORMATION

Module		Function		Class		Link	Load	Size
C:\Program Files (x86)\Microchip\xc8\v1.36\sources\common\strcmp.c
		_strcmp        		CODE           	06C3	0000	38

C:\Program Files (x86)\Microchip\xc8\v1.36\sources\common\strcmp.c estimated size: 38

LiquidCrystal.h
		_LCD_Init      		CODE           	06A0	0000	36
		_data          		CODE           	0717	0000	48
		_LCD_Print     		CODE           	0646	0000	29
		_command       		CODE           	06E8	0000	48

LiquidCrystal.h estimated size: 161

Serial.h
		_serialInit    		CODE           	0632	0000	21
		_serialRead    		CODE           	0746	0000	50

Serial.h estimated size: 71

shared
		__stringtab    		STRING         	0003	0000	7
		__initialization		CODE           	07DA	0000	35

shared estimated size: 42

main.c
		_main          		CODE           	0777	0000	100
		_accessDenied  		CODE           	067E	0000	35
		_accessGranted 		CODE           	0662	0000	29

main.c estimated size: 164

